\BOOKMARK [1][-]{section*.4}{\376\377\000D\000a\000n\000h\000\040\000m\036\345\000c\000\040\000k\000\375\000\040\000h\000i\036\307\000u\000\040\000v\000\340\000\040\000c\000h\036\357\000\040\000v\000i\036\277\000t\000\040\000t\036\257\000t}{}% 1
\BOOKMARK [1][-]{section.1}{\376\377\000G\000i\036\333\000i\000\040\000t\000h\000i\036\307\000u}{}% 2
\BOOKMARK [1][-]{section.2}{\376\377\000C\001\241\000\040\000s\036\337\000\040\000l\000\375\000\040\000t\000h\000u\000y\036\277\000t}{}% 3
\BOOKMARK [2][-]{subsection.2.1}{\376\377\000B\000l\000o\000o\000m\000\040\000F\000i\000l\000t\000e\000r\000\040\000\050\000B\000l\000o\000o\000m\000,\000\040\0001\0009\0007\0000\000\051}{section.2}% 4
\BOOKMARK [2][-]{subsection.2.2}{\376\377\000C\000o\000u\000n\000t\000i\000n\000g\000\040\000B\000l\000o\000o\000m\000\040\000F\000i\000l\000t\000e\000r\000\040\000\050\000F\000a\000n\000\040\000e\000t\000\040\000a\000l\000.\000,\000\040\0002\0000\0000\0000\000\051}{section.2}% 5
\BOOKMARK [2][-]{subsection.2.3}{\376\377\000C\000\364\000n\000g\000\040\000t\000h\036\351\000c\000\040\000x\000\341\000c\000\040\000s\000u\036\245\000t}{section.2}% 6
\BOOKMARK [1][-]{section.3}{\376\377\000M\000\343\000\040\000g\000i\036\243}{}% 7
\BOOKMARK [1][-]{section.4}{\376\377\000S\000o\000\040\000s\000\341\000n\000h\000\040\001\021\036\313\000n\000h\000\040\000t\000\355\000n\000h}{}% 8
\BOOKMARK [1][-]{section.5}{\376\377\036\350\000n\000g\000\040\000d\036\345\000n\000g\000\040\000t\000r\000o\000n\000g\000\040\000l\036\315\000c\000\040\000d\036\357\000\040\000l\000i\036\307\000u\000\040\000t\036\321\000c\000\040\001\021\036\331\000\040\000c\000a\000o}{}% 9
\BOOKMARK [2][-]{subsection.5.1}{\376\377\000D\000e\000e\000p\000\040\000p\000a\000c\000k\000e\000t\000\040\000i\000n\000s\000p\000e\000c\000t\000i\000o\000n\000\040\000v\000\340\000\040\000I\000D\000S}{section.5}% 10
\BOOKMARK [2][-]{subsection.5.2}{\376\377\000L\036\315\000c\000\040\000t\000r\000u\000y\000\040\000v\036\245\000n\000\040\000t\000r\000o\000n\000g\000\040\000c\001\241\000\040\000s\036\337\000\040\000d\036\357\000\040\000l\000i\036\307\000u\000\040\000L\000S\000M\000-\000t\000r\000e\000e}{section.5}% 11
\BOOKMARK [2][-]{subsection.5.3}{\376\377\000W\000e\000b\000\040\000c\000a\000c\000h\000e\000\040\000h\036\343\000p\000\040\000t\000\341\000c}{section.5}% 12
\BOOKMARK [2][-]{subsection.5.4}{\376\377\000K\000h\036\355\000\040\000t\000r\000\371\000n\000g\000\040\000l\036\267\000p\000\040\000d\036\357\000\040\000l\000i\036\307\000u}{section.5}% 13
\BOOKMARK [1][-]{section.6}{\376\377\000P\000h\001\260\001\241\000n\000g\000\040\000p\000h\000\341\000p\000\040\000t\000h\036\361\000c\000\040\000n\000g\000h\000i\036\307\000m}{}% 14
\BOOKMARK [1][-]{section.7}{\376\377\000K\036\277\000t\000\040\000q\000u\036\243\000\040\000v\000\340\000\040\000t\000h\036\243\000o\000\040\000l\000u\036\255\000n}{}% 15
\BOOKMARK [2][-]{subsection.7.1}{\376\377\000F\000P\000R\000\040\000t\000h\036\361\000c\000\040\000n\000g\000h\000i\036\307\000m\000\040\000b\000\341\000m\000\040\000s\000\341\000t\000\040\000l\000\375\000\040\000t\000h\000u\000y\036\277\000t\000\040\000\050\000H\0001\000,\000\040\000H\0004\000\051}{section.7}% 16
\BOOKMARK [2][-]{subsection.7.2}{\376\377\000S\036\321\000\040\000h\000\340\000m\000\040\000b\001\003\000m\000\040\000t\036\321\000i\000\040\001\260\000u\000\040\000\050\000H\0004\000\051}{section.7}% 17
\BOOKMARK [2][-]{subsection.7.3}{\376\377\000B\036\331\000\040\000n\000h\036\333\000:\000\040\000C\000B\000F\000\040\000t\000r\036\243\000\040\000g\000i\000\341\000\040\0004\000\327\000\040\000\050\000H\0002\000\051}{section.7}% 18
\BOOKMARK [2][-]{subsection.7.4}{\376\377\000T\000h\000\364\000n\000g\000\040\000l\001\260\036\343\000n\000g\000\040\000\050\000H\0003\000\051}{section.7}% 19
\BOOKMARK [2][-]{subsection.7.5}{\376\377\001\020\000\341\000n\000h\000\040\001\021\036\325\000i\000\040\000F\000P\000R\000\040\000k\000h\000i\000\040\000c\036\321\000\040\001\021\036\313\000n\000h\000\040\000p\000a\000y\000l\000o\000a\000d\000\040\000b\036\331\000\040\000n\000h\036\333}{section.7}% 20
\BOOKMARK [2][-]{subsection.7.6}{\376\377\000C\000o\000n\000t\000r\000a\000c\000t\000\040\000c\036\347\000a\000\040\000d\000e\000l\000e\000t\000e\000\040\000v\000\340\000\040\000s\000t\000r\000e\000s\000s\000\040\000t\000e\000s\000t\000\040\000x\000\363\000a\000\040\000s\000a\000i}{section.7}% 21
\BOOKMARK [2][-]{subsection.7.7}{\376\377\001\020\036\321\000i\000\040\000c\000h\000i\036\277\000u\000\040\000v\036\333\000i\000\040\000c\000\341\000c\000\040\000b\000i\036\277\000n\000\040\000t\000h\036\303\000\040\000\050\000E\0005\000\051}{section.7}% 22
\BOOKMARK [1][-]{section.8}{\376\377\000C\000\341\000c\000\040\000b\000i\036\277\000n\000\040\000t\000h\036\303\000\040\000l\000i\000\352\000n\000\040\000q\000u\000a\000n}{}% 23
\BOOKMARK [2][-]{subsection.8.1}{\376\377\000B\000l\000o\000c\000k\000e\000d\000\040\000B\000l\000o\000o\000m\000\040\000F\000i\000l\000t\000e\000r}{section.8}% 24
\BOOKMARK [2][-]{subsection.8.2}{\376\377\000C\000u\000c\000k\000o\000o\000\040\000F\000i\000l\000t\000e\000r}{section.8}% 25
\BOOKMARK [2][-]{subsection.8.3}{\376\377\000d\000-\000l\000e\000f\000t\000\040\000C\000o\000u\000n\000t\000i\000n\000g\000\040\000B\000l\000o\000o\000m\000\040\000F\000i\000l\000t\000e\000r}{section.8}% 26
\BOOKMARK [1][-]{section.9}{\376\377\000K\000h\000u\000y\036\277\000n\000\040\000n\000g\000h\036\313\000\040\000l\036\361\000a\000\040\000c\000h\036\315\000n}{}% 27
\BOOKMARK [1][-]{section.10}{\376\377\000K\036\277\000t\000\040\000l\000u\036\255\000n}{}% 28
